// Jest Snapshot v1, https://goo.gl/fbAQLP

exports[`NavBar should render without crashing 1`] = `
Object {
  "asFragment": [Function],
  "baseElement": <body>
    <div>
      <div
        class="styled__StNavBar-sc-abrqqb-0 xCpyq"
        data-testid="nav-bar"
      >
        <div
          class="styled__StNavBarItems-sc-abrqqb-2 kJtHkR"
        >
          <a
            aria-current="page"
            class="active"
            href="/"
          >
            <div
              class="styled__StNavBarLink-sc-abrqqb-1 eWvXAj"
            >
              Converter
            </div>
          </a>
          <a
            class=""
            href="/currency_list"
          >
            <div
              class="styled__StNavBarLink-sc-abrqqb-1 eWvXAj"
            >
              Currency List
            </div>
          </a>
        </div>
      </div>
    </div>
  </body>,
  "container": <div>
    <div
      class="styled__StNavBar-sc-abrqqb-0 xCpyq"
      data-testid="nav-bar"
    >
      <div
        class="styled__StNavBarItems-sc-abrqqb-2 kJtHkR"
      >
        <a
          aria-current="page"
          class="active"
          href="/"
        >
          <div
            class="styled__StNavBarLink-sc-abrqqb-1 eWvXAj"
          >
            Converter
          </div>
        </a>
        <a
          class=""
          href="/currency_list"
        >
          <div
            class="styled__StNavBarLink-sc-abrqqb-1 eWvXAj"
          >
            Currency List
          </div>
        </a>
      </div>
    </div>
  </div>,
  "debug": [Function],
  "findAllByAltText": [Function],
  "findAllByDisplayValue": [Function],
  "findAllByLabelText": [Function],
  "findAllByPlaceholderText": [Function],
  "findAllByRole": [Function],
  "findAllByTestId": [Function],
  "findAllByText": [Function],
  "findAllByTitle": [Function],
  "findByAltText": [Function],
  "findByDisplayValue": [Function],
  "findByLabelText": [Function],
  "findByPlaceholderText": [Function],
  "findByRole": [Function],
  "findByTestId": [Function],
  "findByText": [Function],
  "findByTitle": [Function],
  "getAllByAltText": [Function],
  "getAllByDisplayValue": [Function],
  "getAllByLabelText": [Function],
  "getAllByPlaceholderText": [Function],
  "getAllByRole": [Function],
  "getAllByTestId": [Function],
  "getAllByText": [Function],
  "getAllByTitle": [Function],
  "getByAltText": [Function],
  "getByDisplayValue": [Function],
  "getByLabelText": [Function],
  "getByPlaceholderText": [Function],
  "getByRole": [Function],
  "getByTestId": [Function],
  "getByText": [Function],
  "getByTitle": [Function],
  "queryAllByAltText": [Function],
  "queryAllByDisplayValue": [Function],
  "queryAllByLabelText": [Function],
  "queryAllByPlaceholderText": [Function],
  "queryAllByRole": [Function],
  "queryAllByTestId": [Function],
  "queryAllByText": [Function],
  "queryAllByTitle": [Function],
  "queryByAltText": [Function],
  "queryByDisplayValue": [Function],
  "queryByLabelText": [Function],
  "queryByPlaceholderText": [Function],
  "queryByRole": [Function],
  "queryByTestId": [Function],
  "queryByText": [Function],
  "queryByTitle": [Function],
  "rerender": [Function],
  "unmount": [Function],
}
`;
