// Jest Snapshot v1, https://goo.gl/fbAQLP

exports[`MainLayout should render without crashing 1`] = `
Object {
  "asFragment": [Function],
  "baseElement": <body>
    <div>
      <div
        class="MuiContainer-root MuiContainer-maxWidthXl common__StMainLayout-sc-1gfg3wy-0 btoDZQ css-19r6kue-MuiContainer-root"
        height="100vh"
        padding="30px 0"
      >
        <h1
          class="MuiTypography-root MuiTypography-body1 css-g5l3it-MuiTypography-root"
          data-testid="header-title"
        >
          Converter app
        </h1>
        <div
          class="styled__StCurrencyConverter-sc-11jaufk-0 kgKJWc"
        >
          <div
            class="common__StFlex-sc-1gfg3wy-3 cmwpvq"
          >
            <div
              class="MuiFormControl-root MuiTextField-root common__StInput-sc-1gfg3wy-2 jSJBEF css-1u3bzj6-MuiFormControl-root-MuiTextField-root"
            >
              <label
                class="MuiInputLabel-root MuiInputLabel-formControl MuiInputLabel-animated MuiInputLabel-outlined MuiFormLabel-root MuiFormLabel-colorPrimary css-5mltfn-MuiFormLabel-root-MuiInputLabel-root"
                data-shrink="false"
                for=":r0:"
                id=":r0:-label"
              >
                1 usd in uah
              </label>
              <div
                class="MuiOutlinedInput-root MuiInputBase-root MuiInputBase-colorPrimary MuiInputBase-formControl css-n8ea9h-MuiInputBase-root-MuiOutlinedInput-root"
              >
                <input
                  aria-invalid="false"
                  class="MuiOutlinedInput-input MuiInputBase-input css-1t8l2tu-MuiInputBase-input-MuiOutlinedInput-input"
                  id=":r0:"
                  type="text"
                  value=""
                />
                <fieldset
                  aria-hidden="true"
                  class="MuiOutlinedInput-notchedOutline css-1d3z3hw-MuiOutlinedInput-notchedOutline"
                >
                  <legend
                    class="css-1ftyaf0"
                  >
                    <span>
                      1 usd in uah
                    </span>
                  </legend>
                </fieldset>
              </div>
            </div>
            <button
              class="MuiButton-root MuiButton-contained MuiButton-containedBlue MuiButton-sizeMedium MuiButton-containedSizeMedium MuiButtonBase-root common__StButton-sc-1gfg3wy-1 ceNtmp css-1c27a6x-MuiButtonBase-root-MuiButton-root"
              margin="20px 0 20px 20px"
              tabindex="0"
              type="button"
            >
              Convert
              <span
                class="MuiTouchRipple-root css-8je8zh-MuiTouchRipple-root"
              />
            </button>
          </div>
          <p
            class="MuiTypography-root MuiTypography-body1 css-lc51lz-MuiTypography-root"
          />
          <p
            class="MuiTypography-root MuiTypography-body1 css-1gvvk8k-MuiTypography-root"
          >
            Result: 
          </p>
        </div>
      </div>
    </div>
  </body>,
  "container": <div>
    <div
      class="MuiContainer-root MuiContainer-maxWidthXl common__StMainLayout-sc-1gfg3wy-0 btoDZQ css-19r6kue-MuiContainer-root"
      height="100vh"
      padding="30px 0"
    >
      <h1
        class="MuiTypography-root MuiTypography-body1 css-g5l3it-MuiTypography-root"
        data-testid="header-title"
      >
        Converter app
      </h1>
      <div
        class="styled__StCurrencyConverter-sc-11jaufk-0 kgKJWc"
      >
        <div
          class="common__StFlex-sc-1gfg3wy-3 cmwpvq"
        >
          <div
            class="MuiFormControl-root MuiTextField-root common__StInput-sc-1gfg3wy-2 jSJBEF css-1u3bzj6-MuiFormControl-root-MuiTextField-root"
          >
            <label
              class="MuiInputLabel-root MuiInputLabel-formControl MuiInputLabel-animated MuiInputLabel-outlined MuiFormLabel-root MuiFormLabel-colorPrimary css-5mltfn-MuiFormLabel-root-MuiInputLabel-root"
              data-shrink="false"
              for=":r0:"
              id=":r0:-label"
            >
              1 usd in uah
            </label>
            <div
              class="MuiOutlinedInput-root MuiInputBase-root MuiInputBase-colorPrimary MuiInputBase-formControl css-n8ea9h-MuiInputBase-root-MuiOutlinedInput-root"
            >
              <input
                aria-invalid="false"
                class="MuiOutlinedInput-input MuiInputBase-input css-1t8l2tu-MuiInputBase-input-MuiOutlinedInput-input"
                id=":r0:"
                type="text"
                value=""
              />
              <fieldset
                aria-hidden="true"
                class="MuiOutlinedInput-notchedOutline css-1d3z3hw-MuiOutlinedInput-notchedOutline"
              >
                <legend
                  class="css-1ftyaf0"
                >
                  <span>
                    1 usd in uah
                  </span>
                </legend>
              </fieldset>
            </div>
          </div>
          <button
            class="MuiButton-root MuiButton-contained MuiButton-containedBlue MuiButton-sizeMedium MuiButton-containedSizeMedium MuiButtonBase-root common__StButton-sc-1gfg3wy-1 ceNtmp css-1c27a6x-MuiButtonBase-root-MuiButton-root"
            margin="20px 0 20px 20px"
            tabindex="0"
            type="button"
          >
            Convert
            <span
              class="MuiTouchRipple-root css-8je8zh-MuiTouchRipple-root"
            />
          </button>
        </div>
        <p
          class="MuiTypography-root MuiTypography-body1 css-lc51lz-MuiTypography-root"
        />
        <p
          class="MuiTypography-root MuiTypography-body1 css-1gvvk8k-MuiTypography-root"
        >
          Result: 
        </p>
      </div>
    </div>
  </div>,
  "debug": [Function],
  "findAllByAltText": [Function],
  "findAllByDisplayValue": [Function],
  "findAllByLabelText": [Function],
  "findAllByPlaceholderText": [Function],
  "findAllByRole": [Function],
  "findAllByTestId": [Function],
  "findAllByText": [Function],
  "findAllByTitle": [Function],
  "findByAltText": [Function],
  "findByDisplayValue": [Function],
  "findByLabelText": [Function],
  "findByPlaceholderText": [Function],
  "findByRole": [Function],
  "findByTestId": [Function],
  "findByText": [Function],
  "findByTitle": [Function],
  "getAllByAltText": [Function],
  "getAllByDisplayValue": [Function],
  "getAllByLabelText": [Function],
  "getAllByPlaceholderText": [Function],
  "getAllByRole": [Function],
  "getAllByTestId": [Function],
  "getAllByText": [Function],
  "getAllByTitle": [Function],
  "getByAltText": [Function],
  "getByDisplayValue": [Function],
  "getByLabelText": [Function],
  "getByPlaceholderText": [Function],
  "getByRole": [Function],
  "getByTestId": [Function],
  "getByText": [Function],
  "getByTitle": [Function],
  "queryAllByAltText": [Function],
  "queryAllByDisplayValue": [Function],
  "queryAllByLabelText": [Function],
  "queryAllByPlaceholderText": [Function],
  "queryAllByRole": [Function],
  "queryAllByTestId": [Function],
  "queryAllByText": [Function],
  "queryAllByTitle": [Function],
  "queryByAltText": [Function],
  "queryByDisplayValue": [Function],
  "queryByLabelText": [Function],
  "queryByPlaceholderText": [Function],
  "queryByRole": [Function],
  "queryByTestId": [Function],
  "queryByText": [Function],
  "queryByTitle": [Function],
  "rerender": [Function],
  "unmount": [Function],
}
`;
